2026-09-16 00:13:23,864 - root - INFO - Saving views data to traffic-stats/crystvis-js-views-combined.json
2026-09-16 00:13:23,873 - root - INFO - Saving clones data to traffic-stats/crystvis-js-clones-combined.json
2026-09-16 00:13:23,992 - root - INFO - Saving paths data to traffic-stats/crystvis-js-paths-combined.json
2026-09-16 00:13:24,008 - root - INFO - Saving referrers data to traffic-stats/crystvis-js-referrers-combined.json
2026-09-16 00:13:24,702 - root - INFO - Saving views data to traffic-stats/pymc-nmr-views-combined.json
2026-09-16 00:13:24,774 - root - INFO - Saving clones data to traffic-stats/pymc-nmr-clones-combined.json
2026-09-16 00:13:24,823 - root - INFO - Saving referrers data to traffic-stats/pymc-nmr-referrers-combined.json
2026-09-16 00:13:24,923 - root - INFO - Saving paths data to traffic-stats/pymc-nmr-paths-combined.json
2026-09-16 00:13:25,623 - root - INFO - Saving clones data to traffic-stats/ccpnc-magres-oasis-clones-combined.json
2026-09-16 00:13:25,631 - root - INFO - Saving views data to traffic-stats/ccpnc-magres-oasis-views-combined.json
2026-09-16 00:13:25,724 - root - INFO - Saving referrers data to traffic-stats/ccpnc-magres-oasis-referrers-combined.json
2026-09-16 00:13:25,726 - root - WARNING - Invalid referrers data: []
2026-09-16 00:13:25,744 - root - INFO - Saving paths data to traffic-stats/ccpnc-magres-oasis-paths-combined.json
2026-09-16 00:13:25,752 - root - WARNING - Invalid paths data: []
2026-09-16 00:13:26,430 - root - INFO - Saving views data to traffic-stats/nomad-oasis-schema-parser-plugin-views-combined.json
2026-09-16 00:13:26,494 - root - INFO - Saving clones data to traffic-stats/nomad-oasis-schema-parser-plugin-clones-combined.json
2026-09-16 00:13:26,545 - root - INFO - Saving referrers data to traffic-stats/nomad-oasis-schema-parser-plugin-referrers-combined.json
2026-09-16 00:13:26,549 - root - WARNING - Invalid referrers data: []
2026-09-16 00:13:26,628 - root - INFO - Saving paths data to traffic-stats/nomad-oasis-schema-parser-plugin-paths-combined.json
2026-09-16 00:13:27,372 - root - INFO - Saving views data to traffic-stats/ccpnc-oasis-app-views-combined.json
2026-09-16 00:13:27,376 - root - INFO - Saving clones data to traffic-stats/ccpnc-oasis-app-clones-combined.json
2026-09-16 00:13:27,464 - root - INFO - Saving referrers data to traffic-stats/ccpnc-oasis-app-referrers-combined.json
2026-09-16 00:13:27,491 - root - INFO - Saving paths data to traffic-stats/ccpnc-oasis-app-paths-combined.json
2026-09-16 00:13:28,223 - root - INFO - Saving clones data to traffic-stats/soprano-clones-combined.json
2026-09-16 00:13:28,233 - root - INFO - Saving views data to traffic-stats/soprano-views-combined.json
2026-09-16 00:13:28,308 - root - INFO - Saving paths data to traffic-stats/soprano-paths-combined.json
2026-09-16 00:13:28,352 - root - INFO - Saving referrers data to traffic-stats/soprano-referrers-combined.json
2026-09-16 00:13:29,047 - root - INFO - Saving clones data to traffic-stats/magresview-2-clones-combined.json
2026-09-16 00:13:29,080 - root - INFO - Saving views data to traffic-stats/magresview-2-views-combined.json
2026-09-16 00:13:29,136 - root - INFO - Saving referrers data to traffic-stats/magresview-2-referrers-combined.json
2026-09-16 00:13:29,141 - root - WARNING - Invalid referrers data: []
2026-09-16 00:13:29,171 - root - INFO - Saving paths data to traffic-stats/magresview-2-paths-combined.json
2026-09-16 00:13:29,192 - root - WARNING - Invalid paths data: []
2026-09-16 00:13:29,895 - root - INFO - Saving views data to traffic-stats/simpson-docker-views-combined.json
2026-09-16 00:13:29,938 - root - INFO - Saving clones data to traffic-stats/simpson-docker-clones-combined.json
2026-09-16 00:13:30,045 - root - INFO - Saving referrers data to traffic-stats/simpson-docker-referrers-combined.json
2026-09-16 00:13:30,049 - root - WARNING - Invalid referrers data: []
2026-09-16 00:13:30,056 - root - INFO - Saving paths data to traffic-stats/simpson-docker-paths-combined.json
2026-09-16 00:13:30,778 - root - INFO - Saving clones data to traffic-stats/pynics-clones-combined.json
2026-09-16 00:13:30,798 - root - INFO - Saving views data to traffic-stats/pynics-views-combined.json
2026-09-16 00:13:30,900 - root - INFO - Saving referrers data to traffic-stats/pynics-referrers-combined.json
2026-09-16 00:13:30,906 - root - WARNING - Invalid referrers data: []
2026-09-16 00:13:30,917 - root - INFO - Saving paths data to traffic-stats/pynics-paths-combined.json
2026-09-16 00:13:30,933 - root - WARNING - Invalid paths data: []
2026-09-16 00:13:31,590 - root - INFO - Saving views data to traffic-stats/crystcif-parse-views-combined.json
2026-09-16 00:13:31,628 - root - INFO - Saving clones data to traffic-stats/crystcif-parse-clones-combined.json
2026-09-16 00:13:31,701 - root - INFO - Saving referrers data to traffic-stats/crystcif-parse-referrers-combined.json
2026-09-16 00:13:31,772 - root - INFO - Saving paths data to traffic-stats/crystcif-parse-paths-combined.json
2026-09-16 00:13:32,484 - root - INFO - Saving views data to traffic-stats/pint_units_add-views-combined.json
2026-09-16 00:13:32,486 - root - INFO - Saving clones data to traffic-stats/pint_units_add-clones-combined.json
2026-09-16 00:13:32,599 - root - INFO - Saving referrers data to traffic-stats/pint_units_add-referrers-combined.json
2026-09-16 00:13:32,601 - root - WARNING - Invalid referrers data: []
2026-09-16 00:13:32,611 - root - INFO - Saving paths data to traffic-stats/pint_units_add-paths-combined.json
2026-09-16 00:13:32,612 - root - WARNING - Invalid paths data: []
2026-09-16 00:13:33,312 - root - INFO - Saving views data to traffic-stats/orgdisord-views-combined.json
2026-09-16 00:13:33,344 - root - INFO - Saving clones data to traffic-stats/orgdisord-clones-combined.json
2026-09-16 00:13:33,454 - root - INFO - Saving referrers data to traffic-stats/orgdisord-referrers-combined.json
2026-09-16 00:13:33,459 - root - WARNING - Invalid referrers data: []
2026-09-16 00:13:33,512 - root - INFO - Saving paths data to traffic-stats/orgdisord-paths-combined.json
2026-09-16 00:13:33,523 - root - WARNING - Invalid paths data: []
2026-09-16 00:13:34,189 - root - INFO - Saving views data to traffic-stats/ccpnc-database-views-combined.json
2026-09-16 00:13:34,195 - root - INFO - Saving clones data to traffic-stats/ccpnc-database-clones-combined.json
2026-09-16 00:13:34,285 - root - INFO - Saving referrers data to traffic-stats/ccpnc-database-referrers-combined.json
2026-09-16 00:13:34,290 - root - WARNING - Invalid referrers data: []
2026-09-16 00:13:34,318 - root - INFO - Saving paths data to traffic-stats/ccpnc-database-paths-combined.json
2026-09-16 00:13:35,003 - root - INFO - Saving clones data to traffic-stats/nomad-parser-magres-clones-combined.json
2026-09-16 00:13:35,042 - root - INFO - Saving views data to traffic-stats/nomad-parser-magres-views-combined.json
2026-09-16 00:13:35,087 - root - INFO - Saving referrers data to traffic-stats/nomad-parser-magres-referrers-combined.json
2026-09-16 00:13:35,091 - root - WARNING - Invalid referrers data: []
2026-09-16 00:13:35,159 - root - INFO - Saving paths data to traffic-stats/nomad-parser-magres-paths-combined.json
2026-09-16 00:13:35,174 - root - WARNING - Invalid paths data: []
2026-09-16 00:13:35,833 - root - INFO - Saving clones data to traffic-stats/.github-clones-combined.json
2026-09-16 00:13:35,861 - root - INFO - Saving views data to traffic-stats/.github-views-combined.json
2026-09-16 00:13:35,924 - root - INFO - Saving referrers data to traffic-stats/.github-referrers-combined.json
2026-09-16 00:13:35,927 - root - WARNING - Invalid referrers data: []
2026-09-16 00:13:35,938 - root - INFO - Saving paths data to traffic-stats/.github-paths-combined.json
2026-09-16 00:13:36,634 - root - INFO - Saving clones data to traffic-stats/dipolar_averages-clones-combined.json
2026-09-16 00:13:36,658 - root - INFO - Saving views data to traffic-stats/dipolar_averages-views-combined.json
2026-09-16 00:13:36,736 - root - INFO - Saving referrers data to traffic-stats/dipolar_averages-referrers-combined.json
2026-09-16 00:13:36,741 - root - WARNING - Invalid referrers data: []
2026-09-16 00:13:36,801 - root - INFO - Saving paths data to traffic-stats/dipolar_averages-paths-combined.json
2026-09-16 00:13:36,810 - root - WARNING - Invalid paths data: []
2026-09-16 00:13:37,474 - root - INFO - Saving views data to traffic-stats/pspot-site-views-combined.json
2026-09-16 00:13:37,509 - root - INFO - Saving clones data to traffic-stats/pspot-site-clones-combined.json
2026-09-16 00:13:37,651 - root - INFO - Saving paths data to traffic-stats/pspot-site-paths-combined.json
2026-09-16 00:13:37,747 - root - INFO - Saving referrers data to traffic-stats/pspot-site-referrers-combined.json
2026-09-16 00:13:38,429 - root - INFO - Saving views data to traffic-stats/parse-fmt-views-combined.json
2026-09-16 00:13:38,451 - root - INFO - Saving clones data to traffic-stats/parse-fmt-clones-combined.json
2026-09-16 00:13:38,546 - root - INFO - Saving referrers data to traffic-stats/parse-fmt-referrers-combined.json
2026-09-16 00:13:38,550 - root - WARNING - Invalid referrers data: []
2026-09-16 00:13:38,582 - root - INFO - Saving paths data to traffic-stats/parse-fmt-paths-combined.json
2026-09-16 00:13:38,588 - root - WARNING - Invalid paths data: []
2026-09-16 00:13:39,258 - root - INFO - Saving views data to traffic-stats/staged-recipes-views-combined.json
2026-09-16 00:13:39,260 - root - INFO - Saving clones data to traffic-stats/staged-recipes-clones-combined.json
2026-09-16 00:13:39,376 - root - INFO - Saving referrers data to traffic-stats/staged-recipes-referrers-combined.json
2026-09-16 00:13:39,379 - root - WARNING - Invalid referrers data: []
2026-09-16 00:13:39,399 - root - INFO - Saving paths data to traffic-stats/staged-recipes-paths-combined.json
2026-09-16 00:13:39,402 - root - WARNING - Invalid paths data: []
2026-09-16 00:13:40,101 - root - INFO - Saving views data to traffic-stats/castepconv-views-combined.json
2026-09-16 00:13:40,119 - root - INFO - Saving clones data to traffic-stats/castepconv-clones-combined.json
2026-09-16 00:13:40,213 - root - INFO - Saving referrers data to traffic-stats/castepconv-referrers-combined.json
2026-09-16 00:13:40,256 - root - INFO - Saving paths data to traffic-stats/castepconv-paths-combined.json
2026-09-16 00:13:40,968 - root - INFO - Saving clones data to traffic-stats/magresview-clones-combined.json
2026-09-16 00:13:40,979 - root - INFO - Saving views data to traffic-stats/magresview-views-combined.json
2026-09-16 00:13:41,067 - root - INFO - Saving paths data to traffic-stats/magresview-paths-combined.json
2026-09-16 00:13:41,110 - root - INFO - Saving referrers data to traffic-stats/magresview-referrers-combined.json
2026-09-16 00:13:41,807 - root - INFO - Saving views data to traffic-stats/make-supercell-views-combined.json
2026-09-16 00:13:41,812 - root - INFO - Saving clones data to traffic-stats/make-supercell-clones-combined.json
2026-09-16 00:13:41,927 - root - INFO - Saving paths data to traffic-stats/make-supercell-paths-combined.json
2026-09-16 00:13:41,958 - root - INFO - Saving referrers data to traffic-stats/make-supercell-referrers-combined.json
